C:/TouchGFXProjects/SendDataUart/Drivers/STM32F4xx_HAL_Driver/Src/stm32f4xx_hal_dsi.c:248:26:DSI_ShortWrite.constprop	24	static
C:/TouchGFXProjects/SendDataUart/Drivers/STM32F4xx_HAL_Driver/Src/stm32f4xx_hal_dsi.c:508:19:HAL_DSI_ConfigErrorMonitor	0	static
C:/TouchGFXProjects/SendDataUart/Drivers/STM32F4xx_HAL_Driver/Src/stm32f4xx_hal_dsi.c:591:13:HAL_DSI_MspInit	0	static
C:/TouchGFXProjects/SendDataUart/Drivers/STM32F4xx_HAL_Driver/Src/stm32f4xx_hal_dsi.c:309:19:HAL_DSI_Init	24	static
C:/TouchGFXProjects/SendDataUart/Drivers/STM32F4xx_HAL_Driver/Src/stm32f4xx_hal_dsi.c:606:13:HAL_DSI_MspDeInit	0	static
C:/TouchGFXProjects/SendDataUart/Drivers/STM32F4xx_HAL_Driver/Src/stm32f4xx_hal_dsi.c:450:19:HAL_DSI_DeInit	32	static
C:/TouchGFXProjects/SendDataUart/Drivers/STM32F4xx_HAL_Driver/Src/stm32f4xx_hal_dsi.c:943:13:HAL_DSI_TearingEffectCallback	0	static
C:/TouchGFXProjects/SendDataUart/Drivers/STM32F4xx_HAL_Driver/Src/stm32f4xx_hal_dsi.c:958:13:HAL_DSI_EndOfRefreshCallback	0	static
C:/TouchGFXProjects/SendDataUart/Drivers/STM32F4xx_HAL_Driver/Src/stm32f4xx_hal_dsi.c:973:13:HAL_DSI_ErrorCallback	0	static
C:/TouchGFXProjects/SendDataUart/Drivers/STM32F4xx_HAL_Driver/Src/stm32f4xx_hal_dsi.c:821:6:HAL_DSI_IRQHandler	8	static
C:/TouchGFXProjects/SendDataUart/Drivers/STM32F4xx_HAL_Driver/Src/stm32f4xx_hal_dsi.c:1033:19:HAL_DSI_SetGenericVCID	0	static
C:/TouchGFXProjects/SendDataUart/Drivers/STM32F4xx_HAL_Driver/Src/stm32f4xx_hal_dsi.c:1056:19:HAL_DSI_ConfigVideoMode	16	static
C:/TouchGFXProjects/SendDataUart/Drivers/STM32F4xx_HAL_Driver/Src/stm32f4xx_hal_dsi.c:1206:19:HAL_DSI_ConfigAdaptedCommandMode	12	static
C:/TouchGFXProjects/SendDataUart/Drivers/STM32F4xx_HAL_Driver/Src/stm32f4xx_hal_dsi.c:1277:19:HAL_DSI_ConfigCommand	12	static
C:/TouchGFXProjects/SendDataUart/Drivers/STM32F4xx_HAL_Driver/Src/stm32f4xx_hal_dsi.c:1340:19:HAL_DSI_ConfigFlowControl	0	static
C:/TouchGFXProjects/SendDataUart/Drivers/STM32F4xx_HAL_Driver/Src/stm32f4xx_hal_dsi.c:1366:19:HAL_DSI_ConfigPhyTimer	12	static
C:/TouchGFXProjects/SendDataUart/Drivers/STM32F4xx_HAL_Driver/Src/stm32f4xx_hal_dsi.c:1413:19:HAL_DSI_ConfigHostTimeouts	12	static
C:/TouchGFXProjects/SendDataUart/Drivers/STM32F4xx_HAL_Driver/Src/stm32f4xx_hal_dsi.c:1466:19:HAL_DSI_Start	8	static
C:/TouchGFXProjects/SendDataUart/Drivers/STM32F4xx_HAL_Driver/Src/stm32f4xx_hal_dsi.c:1489:19:HAL_DSI_Stop	8	static
C:/TouchGFXProjects/SendDataUart/Drivers/STM32F4xx_HAL_Driver/Src/stm32f4xx_hal_dsi.c:1512:19:HAL_DSI_Refresh	0	static
C:/TouchGFXProjects/SendDataUart/Drivers/STM32F4xx_HAL_Driver/Src/stm32f4xx_hal_dsi.c:1534:19:HAL_DSI_ColorMode	0	static
C:/TouchGFXProjects/SendDataUart/Drivers/STM32F4xx_HAL_Driver/Src/stm32f4xx_hal_dsi.c:1560:19:HAL_DSI_Shutdown	0	static
C:/TouchGFXProjects/SendDataUart/Drivers/STM32F4xx_HAL_Driver/Src/stm32f4xx_hal_dsi.c:1591:19:HAL_DSI_ShortWrite	24	static
C:/TouchGFXProjects/SendDataUart/Drivers/STM32F4xx_HAL_Driver/Src/stm32f4xx_hal_dsi.c:1626:19:HAL_DSI_LongWrite	40	static
C:/TouchGFXProjects/SendDataUart/Drivers/STM32F4xx_HAL_Driver/Src/stm32f4xx_hal_dsi.c:1715:19:HAL_DSI_Read	40	static
C:/TouchGFXProjects/SendDataUart/Drivers/STM32F4xx_HAL_Driver/Src/stm32f4xx_hal_dsi.c:1831:19:HAL_DSI_EnterULPMData	16	static
C:/TouchGFXProjects/SendDataUart/Drivers/STM32F4xx_HAL_Driver/Src/stm32f4xx_hal_dsi.c:1983:19:HAL_DSI_ExitULPMData	24	static
C:/TouchGFXProjects/SendDataUart/Drivers/STM32F4xx_HAL_Driver/Src/stm32f4xx_hal_dsi.c:2159:19:HAL_DSI_EnterULPM	24	static
C:/TouchGFXProjects/SendDataUart/Drivers/STM32F4xx_HAL_Driver/Src/stm32f4xx_hal_dsi.c:2321:19:HAL_DSI_ExitULPM	24	static
C:/TouchGFXProjects/SendDataUart/Drivers/STM32F4xx_HAL_Driver/Src/stm32f4xx_hal_dsi.c:2514:19:HAL_DSI_PatternGeneratorStart	8	static
C:/TouchGFXProjects/SendDataUart/Drivers/STM32F4xx_HAL_Driver/Src/stm32f4xx_hal_dsi.c:2538:19:HAL_DSI_PatternGeneratorStop	0	static
C:/TouchGFXProjects/SendDataUart/Drivers/STM32F4xx_HAL_Driver/Src/stm32f4xx_hal_dsi.c:2563:19:HAL_DSI_SetSlewRateAndDelayTuning	8	static
C:/TouchGFXProjects/SendDataUart/Drivers/STM32F4xx_HAL_Driver/Src/stm32f4xx_hal_dsi.c:2655:19:HAL_DSI_SetLowPowerRXFilter	0	static
C:/TouchGFXProjects/SendDataUart/Drivers/STM32F4xx_HAL_Driver/Src/stm32f4xx_hal_dsi.c:2678:19:HAL_DSI_SetSDD	0	static
C:/TouchGFXProjects/SendDataUart/Drivers/STM32F4xx_HAL_Driver/Src/stm32f4xx_hal_dsi.c:2707:19:HAL_DSI_SetLanePinsConfiguration	8	static
C:/TouchGFXProjects/SendDataUart/Drivers/STM32F4xx_HAL_Driver/Src/stm32f4xx_hal_dsi.c:2794:19:HAL_DSI_SetPHYTimings	8	static
C:/TouchGFXProjects/SendDataUart/Drivers/STM32F4xx_HAL_Driver/Src/stm32f4xx_hal_dsi.c:2941:19:HAL_DSI_ForceTXStopMode	0	static
C:/TouchGFXProjects/SendDataUart/Drivers/STM32F4xx_HAL_Driver/Src/stm32f4xx_hal_dsi.c:2983:19:HAL_DSI_ForceRXLowPower	0	static
C:/TouchGFXProjects/SendDataUart/Drivers/STM32F4xx_HAL_Driver/Src/stm32f4xx_hal_dsi.c:3008:19:HAL_DSI_ForceDataLanesInRX	0	static
C:/TouchGFXProjects/SendDataUart/Drivers/STM32F4xx_HAL_Driver/Src/stm32f4xx_hal_dsi.c:3033:19:HAL_DSI_SetPullDown	0	static
C:/TouchGFXProjects/SendDataUart/Drivers/STM32F4xx_HAL_Driver/Src/stm32f4xx_hal_dsi.c:3058:19:HAL_DSI_SetContentionDetectionOff	0	static
C:/TouchGFXProjects/SendDataUart/Drivers/STM32F4xx_HAL_Driver/Src/stm32f4xx_hal_dsi.c:3102:22:HAL_DSI_GetState	0	static
C:/TouchGFXProjects/SendDataUart/Drivers/STM32F4xx_HAL_Driver/Src/stm32f4xx_hal_dsi.c:3113:10:HAL_DSI_GetError	0	static
