../../Middlewares/ST/touchgfx/framework/include/touchgfx/hal/HAL.hpp:124:18:virtual void touchgfx::HAL::setDisplayOrientation(touchgfx::DisplayOrientation)	0	static
../../Middlewares/ST/touchgfx/framework/include/touchgfx/hal/HAL.hpp:670:18:virtual bool touchgfx::HAL::sampleKey(uint8_t&)	0	static
../../Middlewares/ST/touchgfx/framework/include/touchgfx/hal/HAL.hpp:737:18:virtual void touchgfx::HAL::setAnimationStorage(void*)	0	static
../../Middlewares/ST/touchgfx/framework/include/touchgfx/hal/HAL.hpp:876:30:virtual touchgfx::FlashDataReader* touchgfx::HAL::getFlashDataReader() const	0	static
../../Middlewares/ST/touchgfx/framework/include/touchgfx/hal/HAL.hpp:1025:18:virtual void touchgfx::HAL::taskDelay(uint16_t)	0	static
../../Middlewares/ST/touchgfx/framework/include/touchgfx/hal/HAL.hpp:1052:22:virtual uint16_t touchgfx::HAL::getTFTCurrentLine()	0	static
../../Middlewares/ST/touchgfx/framework/include/touchgfx/hal/HAL.hpp:1063:21:virtual touchgfx::DMAType touchgfx::HAL::getDMAType()	0	static
../../Middlewares/ST/touchgfx/framework/include/touchgfx/hal/HAL.hpp:1189:18:virtual void touchgfx::HAL::InvalidateCache()	0	static
../../Middlewares/ST/touchgfx/framework/include/touchgfx/hal/HAL.hpp:1199:18:virtual void touchgfx::HAL::FlushCache()	0	static
C:/TouchGFXProjects/SendDataUart/TouchGFX/target/TouchGFXHAL.cpp:124:11:virtual uint16_t* TouchGFXHAL::getTFTFrameBuffer() const	0	static
../../TouchGFX/target/TouchGFXHAL.hpp:34:7:TouchGFXHAL::~TouchGFXHAL()	0	static
C:/TouchGFXProjects/SendDataUart/TouchGFX/target/TouchGFXHAL.cpp:82:6:virtual void TouchGFXHAL::initialize()	16	static
C:/TouchGFXProjects/SendDataUart/TouchGFX/target/TouchGFXHAL.cpp:101:6:virtual void TouchGFXHAL::taskEntry()	16	static
../../Middlewares/ST/touchgfx/framework/include/touchgfx/hal/HAL.hpp:638:18:virtual void touchgfx::HAL::backPorchExited()	8	static
C:/TouchGFXProjects/SendDataUart/TouchGFX/target/TouchGFXHAL.cpp:139:6:virtual void TouchGFXHAL::setTFTFrameBuffer(uint16_t*)	0	static
C:/TouchGFXProjects/SendDataUart/TouchGFX/target/TouchGFXHAL.cpp:156:6:virtual void TouchGFXHAL::flushFrameBuffer(const touchgfx::Rect&)	0	static
C:/TouchGFXProjects/SendDataUart/TouchGFX/target/TouchGFXHAL.cpp:168:6:virtual bool TouchGFXHAL::blockCopy(void*, const void*, uint32_t)	0	static
C:/TouchGFXProjects/SendDataUart/TouchGFX/target/TouchGFXHAL.cpp:177:6:virtual void TouchGFXHAL::configureInterrupts()	0	static
C:/TouchGFXProjects/SendDataUart/TouchGFX/target/TouchGFXHAL.cpp:190:6:virtual void TouchGFXHAL::enableInterrupts()	0	static
C:/TouchGFXProjects/SendDataUart/TouchGFX/target/TouchGFXHAL.cpp:203:6:virtual void TouchGFXHAL::disableInterrupts()	0	static
C:/TouchGFXProjects/SendDataUart/TouchGFX/target/TouchGFXHAL.cpp:234:6:virtual bool TouchGFXHAL::beginFrame()	0	static
C:/TouchGFXProjects/SendDataUart/TouchGFX/target/TouchGFXHAL.cpp:240:6:virtual void TouchGFXHAL::endFrame()	8	static
../../TouchGFX/target/TouchGFXHAL.hpp:102:18:virtual void TouchGFXHAL::flushFrameBuffer()	0	static
../../TouchGFX/target/TouchGFXHAL.hpp:34:7:virtual TouchGFXHAL::~TouchGFXHAL()	8	static
../../Middlewares/ST/touchgfx/framework/include/touchgfx/hal/HAL.hpp:320:28:virtual touchgfx::BlitOperations touchgfx::HAL::getBlitCaps()	0	static
../../Middlewares/ST/touchgfx/framework/include/touchgfx/hal/HAL.hpp:1162:18:virtual void touchgfx::HAL::performDisplayOrientationChange()	8	static
../../Middlewares/ST/touchgfx/framework/include/touchgfx/hal/HAL.hpp:156:18:virtual void touchgfx::HAL::setFrameBufferSize(uint16_t, uint16_t)	8	static
C:/TouchGFXProjects/SendDataUart/TouchGFX/target/TouchGFXHAL.cpp:228:6:virtual void TouchGFXHAL::setFrameBufferStartAddresses(void*, void*, void*)	16	static
C:/TouchGFXProjects/SendDataUart/TouchGFX/target/TouchGFXHAL.cpp:259:10:void DSI_IO_WriteCmd(uint32_t, uint8_t*)	16	static
C:/TouchGFXProjects/SendDataUart/TouchGFX/target/TouchGFXHAL.cpp:274:10:void LCD_ReqTear()	24	static
C:/TouchGFXProjects/SendDataUart/TouchGFX/target/TouchGFXHAL.cpp:217:6:virtual void TouchGFXHAL::enableLCDControllerInterrupt()	16	static
C:/TouchGFXProjects/SendDataUart/TouchGFX/target/TouchGFXHAL.cpp:287:10:void LCD_SetUpdateRegion(int)	16	static
C:/TouchGFXProjects/SendDataUart/TouchGFX/target/TouchGFXHAL.cpp:292:10:void LCD_SetUpdateRegionLeft()	16	static
C:/TouchGFXProjects/SendDataUart/TouchGFX/target/TouchGFXHAL.cpp:297:10:void LCD_SetUpdateRegionRight()	16	static
C:/TouchGFXProjects/SendDataUart/TouchGFX/target/TouchGFXHAL.cpp:302:10:void HAL_DSI_TearingEffectCallback(DSI_HandleTypeDef*)	16	static
C:/TouchGFXProjects/SendDataUart/TouchGFX/target/TouchGFXHAL.cpp:338:10:void HAL_DSI_EndOfRefreshCallback(DSI_HandleTypeDef*)	16	static
C:/TouchGFXProjects/SendDataUart/TouchGFX/target/TouchGFXHAL.cpp:390:19:long int IdleTaskHook(void*)	8	static
C:/TouchGFXProjects/SendDataUart/TouchGFX/target/TouchGFXHAL.cpp:402:1:cpp)	0	static
