C:/TouchGFXProjects/SendDataUart/Core/Src/main.c:871:6:StartDefaultTask	8	static
C:/TouchGFXProjects/SendDataUart/Core/Src/main.c:123:6:HAL_UARTEx_RxEventCallback	24	static
C:/TouchGFXProjects/SendDataUart/Core/Src/main.c:243:6:SystemClock_Config	96	static
C:/TouchGFXProjects/SendDataUart/Core/Src/main.c:144:5:main	248	static
C:/TouchGFXProjects/SendDataUart/Core/Src/main.c:898:6:HAL_TIM_PeriodElapsedCallback	0	static
C:/TouchGFXProjects/SendDataUart/Core/Src/main.c:915:6:Error_Handler	0	static
