C:/TouchGFXProjects/SendDataUart/Core/Src/stm32f4xx_hal_msp.c:68:6:HAL_MspInit	8	static
C:/TouchGFXProjects/SendDataUart/Core/Src/stm32f4xx_hal_msp.c:92:6:HAL_CRC_MspInit	8	static
C:/TouchGFXProjects/SendDataUart/Core/Src/stm32f4xx_hal_msp.c:114:6:HAL_CRC_MspDeInit	0	static
C:/TouchGFXProjects/SendDataUart/Core/Src/stm32f4xx_hal_msp.c:136:6:HAL_DMA2D_MspInit	16	static
C:/TouchGFXProjects/SendDataUart/Core/Src/stm32f4xx_hal_msp.c:161:6:HAL_DMA2D_MspDeInit	0	static
C:/TouchGFXProjects/SendDataUart/Core/Src/stm32f4xx_hal_msp.c:186:6:HAL_DSI_MspInit	40	static
C:/TouchGFXProjects/SendDataUart/Core/Src/stm32f4xx_hal_msp.c:224:6:HAL_DSI_MspDeInit	8	static
C:/TouchGFXProjects/SendDataUart/Core/Src/stm32f4xx_hal_msp.c:254:6:HAL_I2C_MspInit	48	static
C:/TouchGFXProjects/SendDataUart/Core/Src/stm32f4xx_hal_msp.c:297:6:HAL_I2C_MspDeInit	8	static
C:/TouchGFXProjects/SendDataUart/Core/Src/stm32f4xx_hal_msp.c:328:6:HAL_LTDC_MspInit	72	static
C:/TouchGFXProjects/SendDataUart/Core/Src/stm32f4xx_hal_msp.c:366:6:HAL_LTDC_MspDeInit	0	static
C:/TouchGFXProjects/SendDataUart/Core/Src/stm32f4xx_hal_msp.c:391:6:HAL_QSPI_MspInit	56	static
C:/TouchGFXProjects/SendDataUart/Core/Src/stm32f4xx_hal_msp.c:446:6:HAL_QSPI_MspDeInit	8	static
C:/TouchGFXProjects/SendDataUart/Core/Src/stm32f4xx_hal_msp.c:482:6:HAL_UART_MspInit	72	static
C:/TouchGFXProjects/SendDataUart/Core/Src/stm32f4xx_hal_msp.c:620:6:HAL_UART_MspDeInit	8	static
C:/TouchGFXProjects/SendDataUart/Core/Src/stm32f4xx_hal_msp.c:827:6:HAL_SDRAM_MspInit	48	static
C:/TouchGFXProjects/SendDataUart/Core/Src/stm32f4xx_hal_msp.c:936:6:HAL_SDRAM_MspDeInit	8	static
